******************************************************************************
                  TI ARM Linker PC v18.1.5                     
******************************************************************************
>> Linked Mon Jul  8 17:51:40 2019

OUTPUT FILE NAME:   <RTOS_ABEER_CAN.out>
ENTRY POINT SYMBOL: "_c_int00_noargs"  address: 000038e1


MEMORY CONFIGURATION

         name            origin    length      used     unused   attr    fill
----------------------  --------  ---------  --------  --------  ----  --------
  FLASH                 00000000   00040000  00003d84  0003c27c  R  X
  SRAM                  20000000   00008000  00007994  0000066c  RW X


SEGMENT ALLOCATION MAP

run origin  load origin   length   init length attrs members
----------  ----------- ---------- ----------- ----- -------
00000000    00000000    00003d88   00003d88    r-x
  00000000    00000000    0000026c   0000026c    r-- .intvecs
  0000026c    0000026c    000037e0   000037e0    r-x .text
  00003a4c    00003a4c    00000308   00000308    r-- .const
  00003d58    00003d58    00000030   00000030    r-- .cinit
20000000    20000000    00007998   00000000    rw-
  20000000    20000000    00007734   00000000    rw- .bss
  20007738    20007738    00000200   00000000    rw- .stack
  20007938    20007938    00000060   00000000    rw- .data


SECTION ALLOCATION MAP

 output                                  attributes/
section   page    origin      length       input sections
--------  ----  ----------  ----------   ----------------
.intvecs   0    00000000    0000026c     
                  00000000    0000026c     tm4c123gh6pm_startup_ccs.obj (.intvecs)

.text      0    0000026c    000037e0     
                  0000026c    000018c4     tasks.obj (.text)
                  00001b30    00000cac     queue.obj (.text)
                  000027dc    00000200     driverlib.lib : sysctl.obj (.text:SysCtlClockFreqSet)
                  000029dc    000001bc     main.obj (.text)
                  00002b98    0000013c     port.obj (.text)
                  00002cd4    00000136     driverlib.lib : can.obj (.text:CANMessageSet)
                  00002e0a    00000132                   : gpio.obj (.text:GPIOPadConfigSet)
                  00002f3c    0000012a     list.obj (.text)
                  00003066    00000002     --HOLE-- [fill = 0]
                  00003068    00000120     can.obj (.text)
                  00003188    00000110     driverlib.lib : sysctl.obj (.text:SysCtlClockGet)
                  00003298    0000010e                   : can.obj (.text:CANMessageGet)
                  000033a6    00000002     --HOLE-- [fill = 0]
                  000033a8    000000da     portasm.obj (.text)
                  00003482    00000002     --HOLE-- [fill = 0]
                  00003484    0000009c     heap_1.obj (.text)
                  00003520    0000009c     rtsv7M4_T_le_v4SPD16_eabi.lib : memcpy_t2.asm.obj (.text)
                  000035bc    0000007a                                   : memset_t2.asm.obj (.text)
                  00003636    00000002     --HOLE-- [fill = 0]
                  00003638    0000006c     driverlib.lib : can.obj (.text:CANBitRateSet)
                  000036a4    00000068     rtsv7M4_T_le_v4SPD16_eabi.lib : copy_decompress_lzss.c.obj (.text:decompress:lzss:__TI_decompress_lzss)
                  0000370c    0000004c     led.obj (.text)
                  00003758    00000048     driverlib.lib : gpio.obj (.text:GPIOPinConfigure)
                  000037a0    00000048                   : sysctl.obj (.text:_SysCtlFrequencyGet)
                  000037e8    00000044     rtsv7M4_T_le_v4SPD16_eabi.lib : autoinit.c.obj (.text:__TI_auto_init_nobinit_nopinit:__TI_auto_init_nobinit_nopinit)
                  0000382c    00000040     driverlib.lib : can.obj (.text:CANStatusGet)
                  0000386c    0000003a                   : can.obj (.text:CANInit)
                  000038a6    00000002     --HOLE-- [fill = 0]
                  000038a8    00000038                   : sysctl.obj (.text:SysCtlPeripheralReady)
                  000038e0    00000038     rtsv7M4_T_le_v4SPD16_eabi.lib : boot_cortex_m.c.obj (.text:_c_int00_noargs:_c_int00_noargs)
                  00003918    00000034     driverlib.lib : sysctl.obj (.text:SysCtlPeripheralEnable)
                  0000394c    0000002a                   : gpio.obj (.text:GPIODirModeSet)
                  00003976    0000002a                   : can.obj (.text:_CANDataRegRead)
                  000039a0    00000024                   : can.obj (.text:_CANDataRegWrite)
                  000039c4    00000020                   : sysctl.obj (.text:_SysCtlMemTimingGet)
                  000039e4    00000018                   : gpio.obj (.text:GPIOPinTypeGPIOOutput)
                  000039fc    00000012                   : gpio.obj (.text:GPIOPinTypeCAN)
                  00003a0e    0000000e     rtsv7M4_T_le_v4SPD16_eabi.lib : copy_decompress_none.c.obj (.text:decompress:none:__TI_decompress_none)
                  00003a1c    0000000c                                   : copy_zero_init.c.obj (.text:decompress:ZI:__TI_zero_init)
                  00003a28    0000000c     tm4c123gh6pm_startup_ccs.obj (.text)
                  00003a34    0000000a     driverlib.lib : can.obj (.text:CANEnable)
                  00003a3e    00000006                   : gpio.obj (.text:GPIOPinWrite)
                  00003a44    00000004     rtsv7M4_T_le_v4SPD16_eabi.lib : pre_init.c.obj (.text:_system_pre_init)
                  00003a48    00000004                                   : exit.c.obj (.text:abort:abort)

.const     0    00003a4c    00000308     
                  00003a4c    000001b0     driverlib.lib : sysctl.obj (.const:g_pppui32XTALtoVCO)
                  00003bfc    00000090                   : gpio.obj (.const:g_pui32GPIOBaseAddrs)
                  00003c8c    0000006c                   : sysctl.obj (.const:g_pui32Xtals)
                  00003cf8    00000030                   : sysctl.obj (.const:g_sXTALtoMEMTIM)
                  00003d28    00000020                   : can.obj (.const)
                  00003d48    00000008                   : sysctl.obj (.const)
                  00003d50    00000004     port.obj (.const)

.cinit     0    00003d58    00000030     
                  00003d58    0000000c     (__TI_handler_table)
                  00003d64    0000000b     (.cinit..data.load) [load image, compression = lzss]
                  00003d6f    00000001     --HOLE-- [fill = 0]
                  00003d70    00000008     (.cinit..bss.load) [load image, compression = zero_init]
                  00003d78    00000010     (__TI_cinit_table)

.init_array 
*          0    00000000    00000000     UNINITIALIZED

.bss       0    20000000    00007734     UNINITIALIZED
                  20000000    00007530     heap_1.obj (.bss:ucHeap)
                  20007530    00000140     tasks.obj (.bss:pxReadyTasksLists)
                  20007670    00000050     (.common:xQueueRegistry)
                  200076c0    00000014     tasks.obj (.bss:xDelayedTaskList1$1)
                  200076d4    00000014     tasks.obj (.bss:xDelayedTaskList2$2)
                  200076e8    00000014     tasks.obj (.bss:xPendingReadyList)
                  200076fc    00000014     tasks.obj (.bss:xSuspendedTaskList)
                  20007710    00000014     tasks.obj (.bss:xTasksWaitingTermination)
                  20007724    00000008     tasks.obj (.bss)
                  2000772c    00000004     (.common:Returned)
                  20007730    00000004     (.common:Semaphore_Tx)

.data      0    20007938    00000060     UNINITIALIZED
                  20007938    00000034     tasks.obj (.data)
                  2000796c    00000020     main.obj (.data)
                  2000798c    00000008     heap_1.obj (.data)
                  20007994    00000004     port.obj (.data)

.stack     0    20007738    00000200     UNINITIALIZED
                  20007738    00000004     rtsv7M4_T_le_v4SPD16_eabi.lib : boot_cortex_m.c.obj (.stack)
                  2000773c    000001fc     --HOLE--

MODULE SUMMARY

       Module                         code    ro data   rw data
       ------                         ----    -------   -------
    .\
       heap_1.obj                     156     0         30008  
       tasks.obj                      6340    0         480    
       queue.obj                      3244    0         80     
       tm4c123gh6pm_startup_ccs.obj   12      620       0      
       main.obj                       444     0         40     
       port.obj                       316     4         4      
       list.obj                       298     0         0      
       portasm.obj                    218     0         0      
    +--+------------------------------+-------+---------+---------+
       Total:                         11028   624       30612  
                                                               
    .\ECUAL\LEDPF3\
       led.obj                        76      0         0      
    +--+------------------------------+-------+---------+---------+
       Total:                         76      0         0      
                                                               
    .\MCAL\CAN\
       can.obj                        288     0         0      
    +--+------------------------------+-------+---------+---------+
       Total:                         288     0         0      
                                                               
    C:/ti/TivaWare_C_Series-2.1.4.178/driverlib/ccs/Debug/driverlib.lib
       sysctl.obj                     996     596       0      
       can.obj                        898     32        0      
       gpio.obj                       468     144       0      
    +--+------------------------------+-------+---------+---------+
       Total:                         2362    772       0      
                                                               
    C:\ti\ccsv8\tools\compiler\ti-cgt-arm_18.1.5.LTS\lib\rtsv7M4_T_le_v4SPD16_eabi.lib
       memcpy_t2.asm.obj              156     0         0      
       memset_t2.asm.obj              122     0         0      
       copy_decompress_lzss.c.obj     104     0         0      
       autoinit.c.obj                 68      0         0      
       boot_cortex_m.c.obj            56      0         0      
       copy_decompress_none.c.obj     14      0         0      
       copy_zero_init.c.obj           12      0         0      
       exit.c.obj                     4       0         0      
       pre_init.c.obj                 4       0         0      
    +--+------------------------------+-------+---------+---------+
       Total:                         540     0         0      
                                                               
       Stack:                         0       0         512    
       Linker Generated:              0       47        0      
    +--+------------------------------+-------+---------+---------+
       Grand Total:                   14294   1443      31124  


LINKER GENERATED COPY TABLES

__TI_cinit_table @ 00003d78 records: 2, size/record: 8, table size: 16
	.data: load addr=00003d64, load size=0000000b bytes, run addr=20007938, run size=00000060 bytes, compression=lzss
	.bss: load addr=00003d70, load size=00000008 bytes, run addr=20000000, run size=00007734 bytes, compression=zero_init


LINKER GENERATED HANDLER TABLE

__TI_handler_table @ 00003d58 records: 3, size/record: 4, table size: 12
	index: 0, handler: __TI_decompress_lzss
	index: 1, handler: __TI_decompress_none
	index: 2, handler: __TI_zero_init


GLOBAL SYMBOLS: SORTED ALPHABETICALLY BY Name 

address   name                               
-------   ----                               
00003a49  C$$EXIT                            
00003069  CAN0_init                          
00003639  CANBitRateSet                      
00003a35  CANEnable                          
0000386d  CANInit                            
00003299  CANMessageGet                      
00002cd5  CANMessageSet                      
0000382d  CANStatusGet                       
000030d3  CANrec                             
000030a7  CANsend                            
0000394d  GPIODirModeSet                     
00002e0b  GPIOPadConfigSet                   
00003759  GPIOPinConfigure                   
000039fd  GPIOPinTypeCAN                     
000039e5  GPIOPinTypeGPIOOutput              
00003a3f  GPIOPinWrite                       
20007980  InitHandle                         
00003a29  ResetISR                           
2000772c  Returned                           
20007730  Semaphore_Tx                       
20007988  Semphore_Rx                        
000027dd  SysCtlClockFreqSet                 
00003189  SysCtlClockGet                     
00003919  SysCtlPeripheralEnable             
000038a9  SysCtlPeripheralReady              
20007984  TokenRingHandle                    
000029e7  TokenRingInit                      
20007938  __STACK_END                        
00000200  __STACK_SIZE                       
20007938  __STACK_TOP                        
00003d78  __TI_CINIT_Base                    
00003d88  __TI_CINIT_Limit                   
00003d58  __TI_Handler_Table_Base            
00003d64  __TI_Handler_Table_Limit           
000037e9  __TI_auto_init_nobinit_nopinit     
000036a5  __TI_decompress_lzss               
00003a0f  __TI_decompress_none               
ffffffff  __TI_pprof_out_hndl                
ffffffff  __TI_prof_data_size                
ffffffff  __TI_prof_data_start               
00000000  __TI_static_base__                 
00003a1d  __TI_zero_init                     
000035bd  __aeabi_memclr                     
000035bd  __aeabi_memclr4                    
000035bd  __aeabi_memclr8                    
00003521  __aeabi_memcpy                     
00003521  __aeabi_memcpy4                    
00003521  __aeabi_memcpy8                    
000035bf  __aeabi_memset                     
000035bf  __aeabi_memset4                    
000035bf  __aeabi_memset8                    
ffffffff  __binit__                          
ffffffff  __c_args__                         
UNDEFED   __mpu_init                         
20007738  __stack                            
000038e1  _c_int00_noargs                    
UNDEFED   _system_post_cinit                 
00003a45  _system_pre_init                   
00003a49  abort                              
ffffffff  binit                              
000005e5  eTaskGetState                      
00000000  g_pfnVectors                       
0000370d  ledInit                            
2000796c  ledInitHandle                      
00003741  ledOff                             
00003733  ledOn                              
20007970  ledToggleHandle                    
00002aa5  main                               
00003521  memcpy                             
000035c5  memset                             
00002751  pcQueueGetName                     
00000bcf  pcTaskGetName                      
00003485  pvPortMalloc                       
00001653  pvTaskIncrementMutexHeldCount      
20007938  pxCurrentTCB                       
00002b99  pxPortInitialiseStack              
00002a2f  receiveToken                       
2000797c  receiveTokenHandle                 
000029fd  sendToken                          
20007974  sendTokenHandle                    
00002a67  taskLed                            
20007978  taskLedHandle                      
000024a7  ucQueueGetQueueType                
00003d50  ulMaxSyscallInterruptPriority      
000033b9  ulPortGetIPSR                      
00001671  ulTaskNotifyTake                   
0000301f  uxListRemove                       
00002487  uxQueueGetQueueNumber              
00002425  uxQueueMessagesWaiting             
0000245b  uxQueueMessagesWaitingFromISR      
0000243b  uxQueueSpacesAvailable             
00000bc9  uxTaskGetNumberOfTasks             
00001331  uxTaskGetStackHighWaterMark        
00000bf5  uxTaskGetSystemState               
000010c5  uxTaskGetTaskNumber                
00000695  uxTaskPriorityGet                  
000006c1  uxTaskPriorityGetFromISR           
00001631  uxTaskResetEventItemValue          
000029dd  vApplicationStackOverflowHook      
00002f3d  vListInitialise                    
00002f6d  vListInitialiseItem                
00002fb9  vListInsert                        
00002f7d  vListInsertEnd                     
00003475  vPortEnableVFP                     
00002c39  vPortEndScheduler                  
00002c3b  vPortEnterCritical                 
00002c5b  vPortExitCritical                  
000034f5  vPortFree                          
000034ff  vPortInitialiseBlocks              
00003431  vPortSVCHandler                    
00002c97  vPortSetupTimerInterrupt           
00003451  vPortStartFirstTask                
0000270f  vQueueAddToRegistry                
00002471  vQueueDelete                       
00002495  vQueueSetQueueNumber               
00002791  vQueueUnregisterQueue              
000005a5  vTaskDelay                         
00000515  vTaskDelayUntil                    
00000467  vTaskDelete                        
00000a87  vTaskEndScheduler                  
000011a1  vTaskGetInfo                       
0000100f  vTaskInternalSetTimeOutState       
000010bd  vTaskMissedYield                   
00001989  vTaskNotifyGiveFromISR             
00000eb3  vTaskPlaceOnEventList              
00000ecf  vTaskPlaceOnUnorderedEventList     
0000155b  vTaskPriorityDisinheritAfterTimeout
00000709  vTaskPrioritySet                   
00000f89  vTaskRemoveFromUnorderedEventList  
00000935  vTaskResume                        
000010e5  vTaskSetTaskNumber                 
00000ff1  vTaskSetTimeOutState               
00000a3d  vTaskStartScheduler                
00000821  vTaskSuspend                       
00000aa9  vTaskSuspendAll                    
00000e11  vTaskSwitchContext                 
00003507  xPortGetFreeHeapSize               
000033d1  xPortPendSVHandler                 
00002c03  xPortStartScheduler                
00002c71  xPortSysTickHandler                
00001c8f  xQueueCreateMutex                  
00001bd1  xQueueGenericCreate                
00001b31  xQueueGenericReset                 
00001d3b  xQueueGenericSend                  
00001e69  xQueueGenericSendFromISR           
00001f05  xQueueGiveFromISR                  
00001cbb  xQueueGiveMutexRecursive           
000026a3  xQueueIsQueueEmptyFromISR          
000026e9  xQueueIsQueueFullFromISR           
00002215  xQueuePeek                         
000023d3  xQueuePeekFromISR                  
00001f99  xQueueReceive                      
00002339  xQueueReceiveFromISR               
20007670  xQueueRegistry                     
000020b9  xQueueSemaphoreTake                
00001cf7  xQueueTakeMutexRecursive           
00001035  xTaskCheckForTimeOut               
0000026d  xTaskCreate                        
00001793  xTaskGenericNotify                 
0000187d  xTaskGenericNotifyFromISR          
000013a9  xTaskGetCurrentTaskHandle          
00000b9f  xTaskGetTickCount                  
00000bb5  xTaskGetTickCountFromISR           
00000ce9  xTaskIncrementTick                 
00001a35  xTaskNotifyStateClear              
000016f1  xTaskNotifyWait                    
000014bd  xTaskPriorityDisinherit            
000013dd  xTaskPriorityInherit               
00000f09  xTaskRemoveFromEventList           
00000abd  xTaskResumeAll                     
000009af  xTaskResumeFromISR                 


GLOBAL SYMBOLS: SORTED BY Symbol Address 

address   name                               
-------   ----                               
00000000  __TI_static_base__                 
00000000  g_pfnVectors                       
00000200  __STACK_SIZE                       
0000026d  xTaskCreate                        
00000467  vTaskDelete                        
00000515  vTaskDelayUntil                    
000005a5  vTaskDelay                         
000005e5  eTaskGetState                      
00000695  uxTaskPriorityGet                  
000006c1  uxTaskPriorityGetFromISR           
00000709  vTaskPrioritySet                   
00000821  vTaskSuspend                       
00000935  vTaskResume                        
000009af  xTaskResumeFromISR                 
00000a3d  vTaskStartScheduler                
00000a87  vTaskEndScheduler                  
00000aa9  vTaskSuspendAll                    
00000abd  xTaskResumeAll                     
00000b9f  xTaskGetTickCount                  
00000bb5  xTaskGetTickCountFromISR           
00000bc9  uxTaskGetNumberOfTasks             
00000bcf  pcTaskGetName                      
00000bf5  uxTaskGetSystemState               
00000ce9  xTaskIncrementTick                 
00000e11  vTaskSwitchContext                 
00000eb3  vTaskPlaceOnEventList              
00000ecf  vTaskPlaceOnUnorderedEventList     
00000f09  xTaskRemoveFromEventList           
00000f89  vTaskRemoveFromUnorderedEventList  
00000ff1  vTaskSetTimeOutState               
0000100f  vTaskInternalSetTimeOutState       
00001035  xTaskCheckForTimeOut               
000010bd  vTaskMissedYield                   
000010c5  uxTaskGetTaskNumber                
000010e5  vTaskSetTaskNumber                 
000011a1  vTaskGetInfo                       
00001331  uxTaskGetStackHighWaterMark        
000013a9  xTaskGetCurrentTaskHandle          
000013dd  xTaskPriorityInherit               
000014bd  xTaskPriorityDisinherit            
0000155b  vTaskPriorityDisinheritAfterTimeout
00001631  uxTaskResetEventItemValue          
00001653  pvTaskIncrementMutexHeldCount      
00001671  ulTaskNotifyTake                   
000016f1  xTaskNotifyWait                    
00001793  xTaskGenericNotify                 
0000187d  xTaskGenericNotifyFromISR          
00001989  vTaskNotifyGiveFromISR             
00001a35  xTaskNotifyStateClear              
00001b31  xQueueGenericReset                 
00001bd1  xQueueGenericCreate                
00001c8f  xQueueCreateMutex                  
00001cbb  xQueueGiveMutexRecursive           
00001cf7  xQueueTakeMutexRecursive           
00001d3b  xQueueGenericSend                  
00001e69  xQueueGenericSendFromISR           
00001f05  xQueueGiveFromISR                  
00001f99  xQueueReceive                      
000020b9  xQueueSemaphoreTake                
00002215  xQueuePeek                         
00002339  xQueueReceiveFromISR               
000023d3  xQueuePeekFromISR                  
00002425  uxQueueMessagesWaiting             
0000243b  uxQueueSpacesAvailable             
0000245b  uxQueueMessagesWaitingFromISR      
00002471  vQueueDelete                       
00002487  uxQueueGetQueueNumber              
00002495  vQueueSetQueueNumber               
000024a7  ucQueueGetQueueType                
000026a3  xQueueIsQueueEmptyFromISR          
000026e9  xQueueIsQueueFullFromISR           
0000270f  vQueueAddToRegistry                
00002751  pcQueueGetName                     
00002791  vQueueUnregisterQueue              
000027dd  SysCtlClockFreqSet                 
000029dd  vApplicationStackOverflowHook      
000029e7  TokenRingInit                      
000029fd  sendToken                          
00002a2f  receiveToken                       
00002a67  taskLed                            
00002aa5  main                               
00002b99  pxPortInitialiseStack              
00002c03  xPortStartScheduler                
00002c39  vPortEndScheduler                  
00002c3b  vPortEnterCritical                 
00002c5b  vPortExitCritical                  
00002c71  xPortSysTickHandler                
00002c97  vPortSetupTimerInterrupt           
00002cd5  CANMessageSet                      
00002e0b  GPIOPadConfigSet                   
00002f3d  vListInitialise                    
00002f6d  vListInitialiseItem                
00002f7d  vListInsertEnd                     
00002fb9  vListInsert                        
0000301f  uxListRemove                       
00003069  CAN0_init                          
000030a7  CANsend                            
000030d3  CANrec                             
00003189  SysCtlClockGet                     
00003299  CANMessageGet                      
000033b9  ulPortGetIPSR                      
000033d1  xPortPendSVHandler                 
00003431  vPortSVCHandler                    
00003451  vPortStartFirstTask                
00003475  vPortEnableVFP                     
00003485  pvPortMalloc                       
000034f5  vPortFree                          
000034ff  vPortInitialiseBlocks              
00003507  xPortGetFreeHeapSize               
00003521  __aeabi_memcpy                     
00003521  __aeabi_memcpy4                    
00003521  __aeabi_memcpy8                    
00003521  memcpy                             
000035bd  __aeabi_memclr                     
000035bd  __aeabi_memclr4                    
000035bd  __aeabi_memclr8                    
000035bf  __aeabi_memset                     
000035bf  __aeabi_memset4                    
000035bf  __aeabi_memset8                    
000035c5  memset                             
00003639  CANBitRateSet                      
000036a5  __TI_decompress_lzss               
0000370d  ledInit                            
00003733  ledOn                              
00003741  ledOff                             
00003759  GPIOPinConfigure                   
000037e9  __TI_auto_init_nobinit_nopinit     
0000382d  CANStatusGet                       
0000386d  CANInit                            
000038a9  SysCtlPeripheralReady              
000038e1  _c_int00_noargs                    
00003919  SysCtlPeripheralEnable             
0000394d  GPIODirModeSet                     
000039e5  GPIOPinTypeGPIOOutput              
000039fd  GPIOPinTypeCAN                     
00003a0f  __TI_decompress_none               
00003a1d  __TI_zero_init                     
00003a29  ResetISR                           
00003a35  CANEnable                          
00003a3f  GPIOPinWrite                       
00003a45  _system_pre_init                   
00003a49  C$$EXIT                            
00003a49  abort                              
00003d50  ulMaxSyscallInterruptPriority      
00003d58  __TI_Handler_Table_Base            
00003d64  __TI_Handler_Table_Limit           
00003d78  __TI_CINIT_Base                    
00003d88  __TI_CINIT_Limit                   
20007670  xQueueRegistry                     
2000772c  Returned                           
20007730  Semaphore_Tx                       
20007738  __stack                            
20007938  __STACK_END                        
20007938  __STACK_TOP                        
20007938  pxCurrentTCB                       
2000796c  ledInitHandle                      
20007970  ledToggleHandle                    
20007974  sendTokenHandle                    
20007978  taskLedHandle                      
2000797c  receiveTokenHandle                 
20007980  InitHandle                         
20007984  TokenRingHandle                    
20007988  Semphore_Rx                        
ffffffff  __TI_pprof_out_hndl                
ffffffff  __TI_prof_data_size                
ffffffff  __TI_prof_data_start               
ffffffff  __binit__                          
ffffffff  __c_args__                         
ffffffff  binit                              
UNDEFED   __mpu_init                         
UNDEFED   _system_post_cinit                 

[171 symbols]
